[www.vincentsolar.com/index.html]
[www.vincentsolar.com/css/app.css]
[backblue.gif]
[fade.gif]
[index.html]
[www.vincentsolar.com/js/app.js]
[www.vincentsolar.com/wp-json/index.html]
[www.vincentsolar.com/xmlrpc0db0.php]
[www.vincentsolar.com/wp-includes/wlwmanifest.xml]
[www.vincentsolar.com/wp-content/uploads/2019/08/cropped-favicon-2019-32x32.png]
[www.vincentsolar.com/wp-content/uploads/2019/08/cropped-favicon-2019-192x192.png]
[www.vincentsolar.com/wp-content/uploads/2019/08/cropped-favicon-2019-180x180.png]
[www.googletagmanager.com/ns6faf.html]
[www.vincentsolar.com/wp-content/uploads/2020/11/logo.png]
[www.vincentsolar.com/ofertas/index.html]
[www.vincentsolar.com/soluciones-empresa/index.html]
[www.vincentsolar.com/soluciones-hogar/index.html]
[www.vincentsolar.com/wp-content/uploads/2020/02/hogar3-1.jpg]
[www.vincentsolar.com/wp-content/uploads/2020/02/Slider-Home3-1.jpg]
[www.vincentsolar.com/wp-content/uploads/2020/02/empresa-1.jpg]
[www.vincentsolar.com/wp-content/uploads/2019/03/Oferta3_4onCel.jpg]
[www.vincentsolar.com/wp-content/uploads/2021/01/FlyerOn5kw215x14cms_versionWEB.jpg]
[www.vincentsolar.com/ofertas/para-empezar-con-energia-solar/index.html]
[www.vincentsolar.com/wp-content/uploads/2021/01/flyer16off.jpg]
[www.vincentsolar.com/ofertas/kit-solar-hogar-5kw-ongrid-monofasico/index.html]
[www.vincentsolar.com/wp-content/uploads/2019/07/webFlyerOff3kw215x14cms-01.jpg]
[www.vincentsolar.com/ofertas/kit-solar-offgrid-1-6kw-autosustentable-2/index.html]
[www.vincentsolar.com/wp-content/themes/vincent/image/banner_ofertas/oferta-3.jpg]
[www.vincentsolar.com/ofertas/kit-solar-offgrid-3kwp/index.html]
[www.vincentsolar.com/wp-content/themes/vincent/image/banner_ofertas/oferta-5.jpg]
[www.vincentsolar.com/productos/index.html]
[www.vincentsolar.com/wp-content/themes/vincent/image/snippets/botonproyectos-hogar.jpg]
[www.vincentsolar.com/wp-content/themes/vincent/image/snippets/botonproyectos-empresas.jpg]
[www.vincentsolar.com/servicios/index.html]
[www.vincentsolar.com/wp-content/themes/vincent/image/snippets/botonmanutencion.jpg]
[www.vincentsolar.com/noticias/index.html]
[www.vincentsolar.com/wp-content/themes/vincent/image/snippets/empty.png]
[www.vincentsolar.com/productos/inversor-sunny-tripower-5000tl-12000tl/index.html]
[www.vincentsolar.com/wp-content/uploads/2019/07/sma_stp_5000.jpg-150x150.png]
[www.vincentsolar.com/wp-content/uploads/2019/02/panel72p-150x150.png]
[www.vincentsolar.com/wp-content/uploads/2019/07/alino-150x150.png]
[www.vincentsolar.com/productos/panel-policristalino-72-celdas-305w-310w-315w-320w-330w/index.html]
[www.vincentsolar.com/wp-content/uploads/2019/02/panel60m-1-150x150.png]
[www.vincentsolar.com/productos/inversor-offgrid-outback-alino/index.html]
[www.vincentsolar.com/wp-content/uploads/2019/07/sma_sb_3000tl.jpg-150x150.png]
[www.vincentsolar.com/productos/panel-policristalino/index.html]
[www.vincentsolar.com/wp-content/uploads/2019/02/panel60m-150x150.png]
[www.vincentsolar.com/productos/inversor-sma-sunny-boy-3500tl-jp-4500tl-jp-5400tl-jp/index.html]
[www.vincentsolar.com/wp-content/uploads/2019/07/PEIMAR_poli72-150x150.jpg]
[www.vincentsolar.com/productos/solar-panel-xl/index.html]
[www.vincentsolar.com/wp-content/uploads/2019/07/PEIMAR_poli60-150x150.jpg]
[www.vincentsolar.com/productos/panel-solar-peimar-poli-cristalino-330w-72-celulas-sg330p/index.html]
[www.vincentsolar.com/wp-content/uploads/2019/07/canasolarpanel-150x150.jpg]
[www.vincentsolar.com/productos/panel-solar-peimar-poli-cristalino-270w-60-celulas-sg270p-ue/index.html]
[www.vincentsolar.com/wp-content/uploads/2019/07/sb-falcon_470x420-150x150.png]
[www.vincentsolar.com/productos/paneles-canadian-solar-270w-275w-280w/index.html]
[www.vincentsolar.com/wp-content/uploads/2019/07/sma_sb_1.5.jpg-150x150.png]
[www.vincentsolar.com/productos/sunny-boy-3-0-3-6-4-0-5-0/index.html]
[www.vincentsolar.com/wp-content/uploads/2020/03/foto-08-04-19-16-47-19.sm_-300x164.jpg]
[www.vincentsolar.com/productos/inversor-sma-sunny-boy-1-5-2-5-kw/index.html]
[www.vincentsolar.com/wp-content/uploads/2020/03/fotovoltaico-domestico.sm_-300x191.jpg]
[www.vincentsolar.com/energia-fotovoltaica-con-bateria-de-almacenamiento-asi-es-como-se-reduce-la-boleta/index.html]
[www.vincentsolar.com/4-razones-para-instalar-una-casa-fotovoltaica/index.html]
[www.vincentsolar.com/wp-content/uploads/2020/03/familia-novita-2020.sm_-300x202.jpg]
[www.vincentsolar.com/wp-content/themes/vincent/image/banners/consello.jpg]
[www.vincentsolar.com/energia-fotovoltaica-las-novedades-de-2020/index.html]
[www.google.com/recaptcha/api.js]
[www.vincentsolar.com/wp-content/uploads/2019/08/cropped-favicon-2019.png]
[www.vincentsolar.com/wp-content/themes/vincent/image/snippets/solar-pact.jpg]
[external.html]
[www.vincentsolar.com/wp-content/themes/vincent/image/snippets/logo_cgreen.png]
[www.vincentsolar.com/wp-content/uploads/2019/04/yingli.png]
[www.vincentsolar.com/wp-content/uploads/2019/04/victron.png]
[www.vincentsolar.com/wp-content/uploads/2019/04/sunpower.png]
[www.vincentsolar.com/wp-content/uploads/2019/04/sunergy.png]
[www.vincentsolar.com/wp-content/uploads/2019/04/solaredge_logo.png]
[www.vincentsolar.com/wp-content/uploads/2019/04/sma.png]
[www.vincentsolar.com/wp-content/uploads/2019/04/resol.png]
[www.vincentsolar.com/wp-content/uploads/2019/04/panasonic_logo.png]
[www.vincentsolar.com/wp-content/uploads/2019/04/mitsubishi_electric_logo.png]
[www.vincentsolar.com/wp-content/uploads/2019/04/linergy.png]
[www.vincentsolar.com/wp-content/uploads/2019/04/legrand_logo.png]
[www.vincentsolar.com/wp-content/uploads/2019/04/growatt.png]
[www.vincentsolar.com/wp-content/uploads/2019/04/cgreen.png]
[www.vincentsolar.com/wp-content/uploads/2019/04/bticino_logo.png]
[www.vincentsolar.com/wp-content/themes/vincent/image/snippets/it_line.png]
[www.vincentsolar.com/index.html]
[s.w.org/index.html]
[www.googletagmanager.com/ns6faf.html]
[www.vincentsolar.com/ofertas/index.html]
[www.vincentsolar.com/ofertas/feed/index.html]
[www.vincentsolar.com/wp-json/oembed/1.0/embed4f55.json]
[www.vincentsolar.com/wp-json/oembed/1.0/embed8520]
[www.vincentsolar.com/wp-content/themes/vincent/image/soluciones/empresa-fv-banner.png]
[www.vincentsolar.com/wp-content/themes/vincent/image/soluciones/hogar-fv-banner-mob.png]
[www.vincentsolar.com/wp-content/themes/vincent/image/soluciones/hogar-fv-2.png]
[www.vincentsolar.com/wp-content/themes/vincent/image/soluciones/hogar-fv-3.png]
[www.vincentsolar.com/wp-content/themes/vincent/image/soluciones/empresa-term-banner.png]
[www.vincentsolar.com/wp-content/themes/vincent/image/soluciones/hogar-term-banner-mob.png]
[www.vincentsolar.com/wp-content/themes/vincent/image/soluciones/hogar-term-1.png]
[www.vincentsolar.com/wp-content/themes/vincent/image/soluciones/hogar-term-2.png]
[www.vincentsolar.com/wp-content/themes/vincent/image/soluciones/hogar-term-3.png]
[www.vincentsolar.com/wp-content/themes/vincent/image/banners/banner-empresas.jpg]
[cdn.jsdelivr.net/npm/lightgallery@1.6.12/dist/js/lightgallery-all.min.js]
[cdn.jsdelivr.net/npm/lightgallery@1.6.12/dist/css/lightgallery.min.css]
[www.vincentsolar.com/soluciones-empresa/index.html]
[www.vincentsolar.com/wp-json/oembed/1.0/embed6152.json]
[www.vincentsolar.com/wp-json/oembed/1.0/embed6121]
[www.vincentsolar.com/wp-content/themes/vincent/image/soluciones/hogar-fv-banner.png]
[www.vincentsolar.com/wp-content/themes/vincent/image/soluciones/hogar-fv-1.png]
[www.vincentsolar.com/wp-content/themes/vincent/image/soluciones/hogar-term-banner.png]
[www.vincentsolar.com/wp-content/themes/vincent/image/banners/banner-hogar.jpg]
[www.vincentsolar.com/soluciones-hogar/index.html]
[www.vincentsolar.com/wp-json/oembed/1.0/embedac4e.json]
[www.vincentsolar.com/ofertas/para-empezar-con-energia-solar/index.html]
[www.vincentsolar.com/wp-json/oembed/1.0/embed0791]
[www.vincentsolar.com/wp-json/oembed/1.0/embed629a.json]
[www.vincentsolar.com/ofertas/kit-solar-offgrid-1-6kw-autosustentable/index.html]
[www.vincentsolar.com/ofertas/kit-solar-hogar-5kw-ongrid-monofasico/index.html]
[www.vincentsolar.com/wp-json/oembed/1.0/embed6042]
[www.vincentsolar.com/wp-json/oembed/1.0/embed084e.json]
[www.vincentsolar.com/ofertas/kit-solar-offgrid-1-6kw-autosustentable-2/index.html]
[www.vincentsolar.com/wp-json/oembed/1.0/embedd6b7]
[www.vincentsolar.com/wp-json/oembed/1.0/embed807e.json]
[www.vincentsolar.com/ofertas/kit-solar-offgrid-3kwp/index.html]
[www.vincentsolar.com/wp-json/oembed/1.0/embed584d]
[www.vincentsolar.com/wp-content/uploads/2019/02/Mark4natural-300x300.png]
[www.vincentsolar.com/wp-content/uploads/2019/02/flowsol_solarstation-300x300.67.delayed]
[www.vincentsolar.com/productos/feed/index.html]
[www.vincentsolar.com/categoria/colectores-solares/index.html]
[www.vincentsolar.com/wp-content/uploads/2019/02/S800_4P_16A-300x300.png]
[www.vincentsolar.com/categoria/estaciones-solares/index.html]
[www.vincentsolar.com/wp-content/uploads/2019/07/sunnyboy3-e1563377838494.jpg]
[www.vincentsolar.com/categoria/interruptores/index.html]
[www.vincentsolar.com/wp-content/uploads/2019/02/panel60m-1-300x300.png]
[www.vincentsolar.com/categoria/inversores/index.html]
[www.vincentsolar.com/productos/index.html]
[www.vincentsolar.com/wp-content/themes/vincent/image/banners/banner_mantenciones_lg.png]
[www.vincentsolar.com/categoria/paneles-solares/index.html]
[www.vincentsolar.com/servicios/feed/index.html]
[www.vincentsolar.com/wp-content/uploads/2019/02/calderas.png]
[www.vincentsolar.com/wp-content/uploads/2019/02/mantenciones3.png]
[www.vincentsolar.com/wp-content/uploads/2019/02/mantenciones4.png]
[www.vincentsolar.com/wp-content/uploads/2019/02/mantencion-electrica.png]
[www.vincentsolar.com/servicios/index.html]
[www.vincentsolar.com/wp-json/oembed/1.0/embedeacd.json]
[www.vincentsolar.com/wp-json/oembed/1.0/embedcefc]
[www.vincentsolar.com/wp-content/uploads/2019/02/intersolar1-300x200.jpg]
[www.vincentsolar.com/wp-content/uploads/2019/02/noticia-pucv-300x168.jpg]
[www.vincentsolar.com/vincent-solar-presente-en-intersolar-2018-sao-paulo/index.html]
[www.vincentsolar.com/wp-content/uploads/2019/02/articulo_wurth-300x286.png]
[www.vincentsolar.com/alumnos-de-la-pucv-realizan-visita-tecnica-a-las-intalaciones-de-la-empresa-vincent-solar-y-laboratorio-knop/index.html]
[www.vincentsolar.com/wp-content/uploads/2019/02/knop_cielo-300x225.jpg]
[www.vincentsolar.com/energia-solar-en-wurth-chile/index.html]
[www.vincentsolar.com/noticias/index.html]
[www.vincentsolar.com/laboratorio-knop-pionero-en-uso-de-norma-netbilling-a-nivel-nacional/index.html]
[www.vincentsolar.com/wp-json/oembed/1.0/embed59ca.json]
[www.vincentsolar.com/wp-json/oembed/1.0/embed1253]
[www.vincentsolar.com/wp-content/uploads/2019/07/sma_stp_5000.jpg.png]
[www.vincentsolar.com/wp-content/uploads/2019/07/alino-300x300.png]
[www.vincentsolar.com/wp-content/uploads/2019/07/sb-falcon_470x420-300x300.png]
[www.vincentsolar.com/wp-content/uploads/2019/07/sma_sb_3000tl.jpg-300x300.png]
[www.vincentsolar.com/wp-content/uploads/2019/07/sma_sb_1.5.jpg-300x300.png]
[www.vincentsolar.com/productos/inversor-sunny-tripower-5000tl-12000tl/index.html]
[www.vincentsolar.com/wp-json/oembed/1.0/embedb528.json]
[www.vincentsolar.com/wp-json/oembed/1.0/embed7bef]
[www.vincentsolar.com/wp-content/uploads/2019/02/panel72p.png]
[vincentsolar.com/wp-content/uploads/2019/02/estructura-panel.jpg]
[vincentsolar.com/wp-content/uploads/2019/02/panel60m_ficha.png]
[www.vincentsolar.com/wp-content/uploads/2019/02/panel60m-300x300.png]
[www.vincentsolar.com/wp-content/uploads/2019/07/canasolarpanel-300x300.jpg]
[www.vincentsolar.com/wp-content/uploads/2019/07/PEIMAR_poli60-300x300.jpg]
[www.vincentsolar.com/productos/panel-policristalino-72-celdas-305w-310w-315w-320w-330w/index.html]
[www.vincentsolar.com/wp-json/oembed/1.0/embed5a4a.json]
[www.vincentsolar.com/wp-json/oembed/1.0/embedd125]
[www.vincentsolar.com/wp-content/uploads/2019/07/alino.png]
[www.vincentsolar.com/wp-content/uploads/2019/07/alino_datasheet.pdf]
[www.vincentsolar.com/wp-content/uploads/2019/07/sma_stp_5000.jpg-300x300.png]
[www.vincentsolar.com/productos/inversor-offgrid-outback-alino/index.html]
[www.vincentsolar.com/wp-json/oembed/1.0/embedd984.json]
[www.vincentsolar.com/wp-json/oembed/1.0/embed0580]
[www.vincentsolar.com/wp-content/uploads/2019/02/panel60m-1.png]
[www.vincentsolar.com/wp-content/uploads/2019/02/panel72p-300x300.png]
[www.vincentsolar.com/productos/panel-policristalino/index.html]
[www.vincentsolar.com/wp-json/oembed/1.0/embed4ee9.json]
[www.vincentsolar.com/wp-json/oembed/1.0/embed43c6]
[www.vincentsolar.com/productos/inversor-sma-sunny-boy-3500tl-jp-4500tl-jp-5400tl-jp/index.html]
[www.vincentsolar.com/wp-content/uploads/2019/07/sma_sb_3000tl.jpg.png]
[www.vincentsolar.com/wp-json/oembed/1.0/embedd23b.json]
[www.vincentsolar.com/wp-json/oembed/1.0/embed3a7b]
[www.vincentsolar.com/wp-content/uploads/2019/02/panel60m.png]
[www.vincentsolar.com/wp-content/uploads/2019/07/PEIMAR_poli72-300x300.jpg]
[www.vincentsolar.com/productos/solar-panel-xl/index.html]
[www.vincentsolar.com/wp-json/oembed/1.0/embed50fb.json]
[www.vincentsolar.com/wp-json/oembed/1.0/embed4797]
[www.vincentsolar.com/wp-content/uploads/2019/07/PEIMAR_poli72-e1563979885954.jpg]
[www.vincentsolar.com/wp-content/uploads/2019/07/Peimar_US_SG330P.pdf]
[www.vincentsolar.com/productos/panel-solar-peimar-poli-cristalino-330w-72-celulas-sg330p/index.html]
[www.vincentsolar.com/wp-json/oembed/1.0/embedcd25.json]
[www.vincentsolar.com/wp-json/oembed/1.0/embed6ef0]
[www.vincentsolar.com/wp-content/uploads/2019/07/PEIMAR_poli60-e1563979744545.jpg]
[www.vincentsolar.com/wp-content/uploads/2019/07/Peimar_US_SG270P.pdf]
[www.vincentsolar.com/productos/panel-solar-peimar-poli-cristalino-270w-60-celulas-sg270p-ue/index.html]
[www.vincentsolar.com/wp-json/oembed/1.0/embedd3d1.json]
[www.vincentsolar.com/wp-json/oembed/1.0/embed5f9a]
[www.vincentsolar.com/wp-content/uploads/2019/07/canasolarpanel.jpg]
[www.vincentsolar.com/wp-content/uploads/2019/07/73f021712710c978.pdf]
[www.vincentsolar.com/productos/paneles-canadian-solar-270w-275w-280w/index.html]
[www.vincentsolar.com/wp-json/oembed/1.0/embed2f28.json]
[www.vincentsolar.com/wp-json/oembed/1.0/embed83c2]
[www.vincentsolar.com/wp-content/uploads/2019/07/sb-falcon_470x420.png]
[www.vincentsolar.com/productos/sunny-boy-3-0-3-6-4-0-5-0/index.html]
[www.vincentsolar.com/wp-json/oembed/1.0/embedc137.json]
[www.vincentsolar.com/wp-json/oembed/1.0/embedeb09]
[www.vincentsolar.com/wp-content/uploads/2019/07/sma_sb_1.5.jpg.png]
[www.vincentsolar.com/productos/inversor-sma-sunny-boy-1-5-2-5-kw/index.html]
[www.vincentsolar.com/wp-json/oembed/1.0/embedb044.json]
[www.vincentsolar.com/energia-fotovoltaica-con-bateria-de-almacenamiento-asi-es-como-se-reduce-la-boleta/feed/index.html]
[www.vincentsolar.com/wp-json/oembed/1.0/embed8fc3]
[www.vincentsolar.com/energia-fotovoltaica-con-bateria-de-almacenamiento-asi-es-como-se-reduce-la-boleta/index.html]
[www.vincentsolar.com/wp-content/uploads/2020/03/foto-08-04-19-16-47-19.sm_.jpg]
[www.vincentsolar.com/4-razones-para-instalar-una-casa-fotovoltaica/feed/index.html]
[www.vincentsolar.com/wp-json/oembed/1.0/embed3c83.json]
[www.vincentsolar.com/wp-json/oembed/1.0/embed3f01]
[www.vincentsolar.com/wp-content/uploads/2020/03/fotovoltaico-domestico.sm_-1024x652.jpg]
[www.vincentsolar.com/4-razones-para-instalar-una-casa-fotovoltaica/index.html]
[www.vincentsolar.com/wp-json/oembed/1.0/embed07a6.json]
[www.vincentsolar.com/energia-fotovoltaica-las-novedades-de-2020/feed/index.html]
[www.vincentsolar.com/wp-json/oembed/1.0/embedefb2]
[www.vincentsolar.com/energia-fotovoltaica-las-novedades-de-2020/index.html]
[www.vincentsolar.com/wp-content/uploads/2020/03/familia-novita-2020.sm_-1024x689.jpg]
[www.vincentsolar.com/indexf488.html]
[www.vincentsolar.com/indexe6f0.html]
[www.vincentsolar.com/indexa69b.html]
[www.vincentsolar.com/wp-json/oembed/1.0/embed45c8.json]
[www.vincentsolar.com/ofertas/kit-solar-offgrid-1-6kw-autosustentable/index.html]
[www.vincentsolar.com/indexb95d.html]
[www.vincentsolar.com/index9eff.html]
[www.vincentsolar.com/indexc64e.html]
[www.vincentsolar.com/wp-json/oembed/1.0/embed6708]
[www.vincentsolar.com/wp-content/uploads/2019/02/panel_forzado-300x300.png]
[www.vincentsolar.com/categoria/colectores-solares/index.html]
[www.vincentsolar.com/categoria/colectores-solares/feed/index.html]
[www.vincentsolar.com/productos/colector-solar-plano-m4-210/index.html]
[www.vincentsolar.com/wp-content/uploads/2019/02/controlador-300x300.png]
[www.vincentsolar.com/productos/colector-solar-plano-m4-260/index.html]
[www.vincentsolar.com/wp-content/uploads/2019/02/flowsol_solarstation_xl-300x300.png]
[www.vincentsolar.com/productos/kit-tanque-mark4-colector-m4/index.html]
[www.vincentsolar.com/categoria/estaciones-solares/feed/index.html]
[www.vincentsolar.com/categoria/estaciones-solares/index.html]
[www.vincentsolar.com/productos/controlador-resol-deltasol-cs/index.html]
[www.vincentsolar.com/productos/controlador-resol-deltasol-cs-plus/index.html]
[www.vincentsolar.com/wp-content/uploads/2019/02/S800_25A-300x300.jpg]
[www.vincentsolar.com/productos/solar-station-resol-flowsol-s-s-he/index.html]
[www.vincentsolar.com/categoria/interruptores/index.html]
[www.vincentsolar.com/categoria/inversores/index.html]
[www.vincentsolar.com/productos/solar-station-resol-flowsol-s-s-he-xl/index.html]
[www.vincentsolar.com/categoria/paneles-solares/index.html]
[www.vincentsolar.com/categoria/interruptores/feed/index.html]
[www.vincentsolar.com/productos/interruptor-abb-25a/index.html]
[www.vincentsolar.com/indexe539.html]
[www.vincentsolar.com/categoria/inversores/feed/index.html]
[www.vincentsolar.com/categoria/paneles-solares/feed/index.html]
[www.vincentsolar.com/vincent-solar-presente-en-intersolar-2018-sao-paulo/feed/index.html]
[www.vincentsolar.com/wp-json/oembed/1.0/embede5cf.json]
[www.vincentsolar.com/wp-json/oembed/1.0/embed4b4a]
[external.gif]
[www.vincentsolar.com/vincent-solar-presente-en-intersolar-2018-sao-paulo/index.html]
[www.vincentsolar.com/alumnos-de-la-pucv-realizan-visita-tecnica-a-las-intalaciones-de-la-empresa-vincent-solar-y-laboratorio-knop/index.html]
